This is pdfTeX, Version 3.141592653-2.6-1.40.26 (TeX Live 2024) (preloaded format=pdflatex 2024.11.10)  9 FEB 2026 23:58
entering extended mode
 restricted \write18 enabled.
 file:line:error style messages enabled.
 %&-line parsing enabled.
**/Users/henry/Desktop/Website/writing/uphysics2025/main
(/Users/henry/Desktop/Website/writing/uphysics2025/main.tex
LaTeX2e <2023-11-01> patch level 1
L3 programming layer <2024-02-20>
(/usr/local/texlive/2024/texmf-dist/tex/latex/base/article.cls
Document Class: article 2023/05/17 v1.4n Standard LaTeX document class
(/usr/local/texlive/2024/texmf-dist/tex/latex/base/size10.clo
File: size10.clo 2023/05/17 v1.4n Standard LaTeX file (size option)
)
\c@part=\count188
\c@section=\count189
\c@subsection=\count190
\c@subsubsection=\count191
\c@paragraph=\count192
\c@subparagraph=\count193
\c@figure=\count194
\c@table=\count195
\abovecaptionskip=\skip48
\belowcaptionskip=\skip49
\bibindent=\dimen140
) (/usr/local/texlive/2024/texmf-dist/tex/generic/babel/babel.sty
Package: babel 2024/02/07 v24.2 The Babel package
\babel@savecnt=\count196
\U@D=\dimen141
\l@unhyphenated=\language89
 (/usr/local/texlive/2024/texmf-dist/tex/generic/babel/txtbabel.def)
\bbl@readstream=\read2
\bbl@dirlevel=\count197
 (/usr/local/texlive/2024/texmf-dist/tex/generic/babel-english/english.ldf
Language: english 2017/06/06 v3.3r English support from the babel system
Package babel Info: Hyphen rules for 'canadian' set to \l@english
(babel)             (\language0). Reported on input line 102.
Package babel Info: Hyphen rules for 'australian' set to \l@ukenglish
(babel)             (\language23). Reported on input line 105.
Package babel Info: Hyphen rules for 'newzealand' set to \l@ukenglish
(babel)             (\language23). Reported on input line 108.
)) (/usr/local/texlive/2024/texmf-dist/tex/generic/babel/locale/en/babel-english.tex
Package babel Info: Importing font and identification data for english
(babel)             from babel-en.ini. Reported on input line 11.
) (/usr/local/texlive/2024/texmf-dist/tex/latex/float/float.sty
Package: float 2001/11/08 v1.3d Float enhancements (AL)
\c@float@type=\count198
\float@exts=\toks17
\float@box=\box51
\@float@everytoks=\toks18
\@floatcapt=\box52
) (/usr/local/texlive/2024/texmf-dist/tex/latex/caption/subcaption.sty
Package: subcaption 2023/07/28 v1.6b Sub-captions (AR)
 (/usr/local/texlive/2024/texmf-dist/tex/latex/caption/caption.sty
Package: caption 2023/08/05 v3.6o Customizing captions (AR)
 (/usr/local/texlive/2024/texmf-dist/tex/latex/caption/caption3.sty
Package: caption3 2023/07/31 v2.4d caption3 kernel (AR)
 (/usr/local/texlive/2024/texmf-dist/tex/latex/graphics/keyval.sty
Package: keyval 2022/05/29 v1.15 key=value parser (DPC)
\KV@toks@=\toks19
)
\caption@tempdima=\dimen142
\captionmargin=\dimen143
\caption@leftmargin=\dimen144
\caption@rightmargin=\dimen145
\caption@width=\dimen146
\caption@indent=\dimen147
\caption@parindent=\dimen148
\caption@hangindent=\dimen149
Package caption Info: Standard document class detected.
)
\c@caption@flags=\count199
\c@continuedfloat=\count266
Package caption Info: float package is loaded.
)
Package caption Info: New subtype `subfigure' on input line 238.
\c@subfigure=\count267
Package caption Info: New subtype `subtable' on input line 238.
\c@subtable=\count268
) (/usr/local/texlive/2024/texmf-dist/tex/latex/geometry/geometry.sty
Package: geometry 2020/01/02 v5.9 Page Geometry
 (/usr/local/texlive/2024/texmf-dist/tex/generic/iftex/ifvtex.sty
Package: ifvtex 2019/10/25 v1.7 ifvtex legacy package. Use iftex instead.
 (/usr/local/texlive/2024/texmf-dist/tex/generic/iftex/iftex.sty
Package: iftex 2022/02/03 v1.0f TeX engine tests
))
\Gm@cnth=\count269
\Gm@cntv=\count270
\c@Gm@tempcnt=\count271
\Gm@bindingoffset=\dimen150
\Gm@wd@mp=\dimen151
\Gm@odd@mp=\dimen152
\Gm@even@mp=\dimen153
\Gm@layoutwidth=\dimen154
\Gm@layoutheight=\dimen155
\Gm@layouthoffset=\dimen156
\Gm@layoutvoffset=\dimen157
\Gm@dimlist=\toks20
) (/usr/local/texlive/2024/texmf-dist/tex/latex/amsmath/amsmath.sty
Package: amsmath 2023/05/13 v2.17o AMS math features
\@mathmargin=\skip50

For additional information on amsmath, use the `?' option.
(/usr/local/texlive/2024/texmf-dist/tex/latex/amsmath/amstext.sty
Package: amstext 2021/08/26 v2.01 AMS text
 (/usr/local/texlive/2024/texmf-dist/tex/latex/amsmath/amsgen.sty
File: amsgen.sty 1999/11/30 v2.0 generic functions
\@emptytoks=\toks21
\ex@=\dimen158
)) (/usr/local/texlive/2024/texmf-dist/tex/latex/amsmath/amsbsy.sty
Package: amsbsy 1999/11/29 v1.2d Bold Symbols
\pmbraise@=\dimen159
) (/usr/local/texlive/2024/texmf-dist/tex/latex/amsmath/amsopn.sty
Package: amsopn 2022/04/08 v2.04 operator names
)
\inf@bad=\count272
LaTeX Info: Redefining \frac on input line 234.
\uproot@=\count273
\leftroot@=\count274
LaTeX Info: Redefining \overline on input line 399.
LaTeX Info: Redefining \colon on input line 410.
\classnum@=\count275
\DOTSCASE@=\count276
LaTeX Info: Redefining \ldots on input line 496.
LaTeX Info: Redefining \dots on input line 499.
LaTeX Info: Redefining \cdots on input line 620.
\Mathstrutbox@=\box53
\strutbox@=\box54
LaTeX Info: Redefining \big on input line 722.
LaTeX Info: Redefining \Big on input line 723.
LaTeX Info: Redefining \bigg on input line 724.
LaTeX Info: Redefining \Bigg on input line 725.
\big@size=\dimen160
LaTeX Font Info:    Redeclaring font encoding OML on input line 743.
LaTeX Font Info:    Redeclaring font encoding OMS on input line 744.
\macc@depth=\count277
LaTeX Info: Redefining \bmod on input line 905.
LaTeX Info: Redefining \pmod on input line 910.
LaTeX Info: Redefining \smash on input line 940.
LaTeX Info: Redefining \relbar on input line 970.
LaTeX Info: Redefining \Relbar on input line 971.
\c@MaxMatrixCols=\count278
\dotsspace@=\muskip16
\c@parentequation=\count279
\dspbrk@lvl=\count280
\tag@help=\toks22
\row@=\count281
\column@=\count282
\maxfields@=\count283
\andhelp@=\toks23
\eqnshift@=\dimen161
\alignsep@=\dimen162
\tagshift@=\dimen163
\tagwidth@=\dimen164
\totwidth@=\dimen165
\lineht@=\dimen166
\@envbody=\toks24
\multlinegap=\skip51
\multlinetaggap=\skip52
\mathdisplay@stack=\toks25
LaTeX Info: Redefining \[ on input line 2953.
LaTeX Info: Redefining \] on input line 2954.
) (/usr/local/texlive/2024/texmf-dist/tex/latex/graphics/graphicx.sty
Package: graphicx 2021/09/16 v1.2d Enhanced LaTeX Graphics (DPC,SPQR)
 (/usr/local/texlive/2024/texmf-dist/tex/latex/graphics/graphics.sty
Package: graphics 2022/03/10 v1.4e Standard LaTeX Graphics (DPC,SPQR)
 (/usr/local/texlive/2024/texmf-dist/tex/latex/graphics/trig.sty
Package: trig 2021/08/11 v1.11 sin cos tan (DPC)
) (/usr/local/texlive/2024/texmf-dist/tex/latex/graphics-cfg/graphics.cfg
File: graphics.cfg 2016/06/04 v1.11 sample graphics configuration
)
Package graphics Info: Driver file: pdftex.def on input line 107.
 (/usr/local/texlive/2024/texmf-dist/tex/latex/graphics-def/pdftex.def
File: pdftex.def 2022/09/22 v1.2b Graphics/color driver for pdftex
))
\Gin@req@height=\dimen167
\Gin@req@width=\dimen168
) (/usr/local/texlive/2024/texmf-dist/tex/latex/hyperref/hyperref.sty
Package: hyperref 2024-01-20 v7.01h Hypertext links for LaTeX
 (/usr/local/texlive/2024/texmf-dist/tex/latex/kvsetkeys/kvsetkeys.sty
Package: kvsetkeys 2022-10-05 v1.19 Key value parser (HO)
) (/usr/local/texlive/2024/texmf-dist/tex/generic/kvdefinekeys/kvdefinekeys.sty
Package: kvdefinekeys 2019-12-19 v1.6 Define keys (HO)
) (/usr/local/texlive/2024/texmf-dist/tex/generic/pdfescape/pdfescape.sty
Package: pdfescape 2019/12/09 v1.15 Implements pdfTeX's escape features (HO)
 (/usr/local/texlive/2024/texmf-dist/tex/generic/ltxcmds/ltxcmds.sty
Package: ltxcmds 2023-12-04 v1.26 LaTeX kernel commands for general use (HO)
) (/usr/local/texlive/2024/texmf-dist/tex/generic/pdftexcmds/pdftexcmds.sty
Package: pdftexcmds 2020-06-27 v0.33 Utility functions of pdfTeX for LuaTeX (HO)
 (/usr/local/texlive/2024/texmf-dist/tex/generic/infwarerr/infwarerr.sty
Package: infwarerr 2019/12/03 v1.5 Providing info/warning/error messages (HO)
)
Package pdftexcmds Info: \pdf@primitive is available.
Package pdftexcmds Info: \pdf@ifprimitive is available.
Package pdftexcmds Info: \pdfdraftmode found.
)) (/usr/local/texlive/2024/texmf-dist/tex/latex/hycolor/hycolor.sty
Package: hycolor 2020-01-27 v1.10 Color options for hyperref/bookmark (HO)
) (/usr/local/texlive/2024/texmf-dist/tex/latex/auxhook/auxhook.sty
Package: auxhook 2019-12-17 v1.6 Hooks for auxiliary files (HO)
) (/usr/local/texlive/2024/texmf-dist/tex/latex/hyperref/nameref.sty
Package: nameref 2023-11-26 v2.56 Cross-referencing by name of section
 (/usr/local/texlive/2024/texmf-dist/tex/latex/refcount/refcount.sty
Package: refcount 2019/12/15 v3.6 Data extraction from label references (HO)
) (/usr/local/texlive/2024/texmf-dist/tex/generic/gettitlestring/gettitlestring.sty
Package: gettitlestring 2019/12/15 v1.6 Cleanup title references (HO)
 (/usr/local/texlive/2024/texmf-dist/tex/latex/kvoptions/kvoptions.sty
Package: kvoptions 2022-06-15 v3.15 Key value format for package options (HO)
))
\c@section@level=\count284
) (/usr/local/texlive/2024/texmf-dist/tex/latex/etoolbox/etoolbox.sty
Package: etoolbox 2020/10/05 v2.5k e-TeX tools for LaTeX (JAW)
\etb@tempcnta=\count285
)
\@linkdim=\dimen169
\Hy@linkcounter=\count286
\Hy@pagecounter=\count287
 (/usr/local/texlive/2024/texmf-dist/tex/latex/hyperref/pd1enc.def
File: pd1enc.def 2024-01-20 v7.01h Hyperref: PDFDocEncoding definition (HO)
Now handling font encoding PD1 ...
... no UTF-8 mapping file for font encoding PD1
) (/usr/local/texlive/2024/texmf-dist/tex/generic/intcalc/intcalc.sty
Package: intcalc 2019/12/15 v1.3 Expandable calculations with integers (HO)
)
\Hy@SavedSpaceFactor=\count288
 (/usr/local/texlive/2024/texmf-dist/tex/latex/hyperref/puenc.def
File: puenc.def 2024-01-20 v7.01h Hyperref: PDF Unicode definition (HO)
Now handling font encoding PU ...
... no UTF-8 mapping file for font encoding PU
)
Package hyperref Info: Option `colorlinks' set `true' on input line 4062.
Package hyperref Info: Hyper figures OFF on input line 4179.
Package hyperref Info: Link nesting OFF on input line 4184.
Package hyperref Info: Hyper index ON on input line 4187.
Package hyperref Info: Plain pages OFF on input line 4194.
Package hyperref Info: Backreferencing OFF on input line 4199.
Package hyperref Info: Implicit mode ON; LaTeX internals redefined.
Package hyperref Info: Bookmarks ON on input line 4446.
\c@Hy@tempcnt=\count289
 (/usr/local/texlive/2024/texmf-dist/tex/latex/url/url.sty
\Urlmuskip=\muskip17
Package: url 2013/09/16  ver 3.4  Verb mode for urls, etc.
)
LaTeX Info: Redefining \url on input line 4784.
\XeTeXLinkMargin=\dimen170
 (/usr/local/texlive/2024/texmf-dist/tex/generic/bitset/bitset.sty
Package: bitset 2019/12/09 v1.3 Handle bit-vector datatype (HO)
 (/usr/local/texlive/2024/texmf-dist/tex/generic/bigintcalc/bigintcalc.sty
Package: bigintcalc 2019/12/15 v1.5 Expandable calculations on big integers (HO)
))
\Fld@menulength=\count290
\Field@Width=\dimen171
\Fld@charsize=\dimen172
Package hyperref Info: Hyper figures OFF on input line 6063.
Package hyperref Info: Link nesting OFF on input line 6068.
Package hyperref Info: Hyper index ON on input line 6071.
Package hyperref Info: backreferencing OFF on input line 6078.
Package hyperref Info: Link coloring ON on input line 6081.
Package hyperref Info: Link coloring with OCG OFF on input line 6088.
Package hyperref Info: PDF/A mode OFF on input line 6093.
 (/usr/local/texlive/2024/texmf-dist/tex/latex/base/atbegshi-ltx.sty
Package: atbegshi-ltx 2021/01/10 v1.0c Emulation of the original atbegshi
package with kernel methods
)
\Hy@abspage=\count291
\c@Item=\count292
\c@Hfootnote=\count293
)
Package hyperref Info: Driver (autodetected): hpdftex.
 (/usr/local/texlive/2024/texmf-dist/tex/latex/hyperref/hpdftex.def
File: hpdftex.def 2024-01-20 v7.01h Hyperref driver for pdfTeX
 (/usr/local/texlive/2024/texmf-dist/tex/latex/base/atveryend-ltx.sty
Package: atveryend-ltx 2020/08/19 v1.0a Emulation of the original atveryend package
with kernel methods
)
\Fld@listcount=\count294
\c@bookmark@seq@number=\count295
 (/usr/local/texlive/2024/texmf-dist/tex/latex/rerunfilecheck/rerunfilecheck.sty
Package: rerunfilecheck 2022-07-10 v1.10 Rerun checks for auxiliary files (HO)
 (/usr/local/texlive/2024/texmf-dist/tex/generic/uniquecounter/uniquecounter.sty
Package: uniquecounter 2019/12/15 v1.4 Provide unlimited unique counter (HO)
)
Package uniquecounter Info: New unique counter `rerunfilecheck' on input line 285.
)
\Hy@SectionHShift=\skip53
) (/usr/local/texlive/2024/texmf-dist/tex/latex/listings/listings.sty
\lst@mode=\count296
\lst@gtempboxa=\box55
\lst@token=\toks26
\lst@length=\count297
\lst@currlwidth=\dimen173
\lst@column=\count298
\lst@pos=\count299
\lst@lostspace=\dimen174
\lst@width=\dimen175
\lst@newlines=\count300
\lst@lineno=\count301
\lst@maxwidth=\dimen176
 (/usr/local/texlive/2024/texmf-dist/tex/latex/listings/lstpatch.sty
File: lstpatch.sty 2024/02/21 1.10 (Carsten Heinz)
) (/usr/local/texlive/2024/texmf-dist/tex/latex/listings/lstmisc.sty
File: lstmisc.sty 2024/02/21 1.10 (Carsten Heinz)
\c@lstnumber=\count302
\lst@skipnumbers=\count303
\lst@framebox=\box56
) (/usr/local/texlive/2024/texmf-dist/tex/latex/listings/listings.cfg
File: listings.cfg 2024/02/21 1.10 listings configuration
))
Package: listings 2024/02/21 1.10 (Carsten Heinz)
 (/usr/local/texlive/2024/texmf-dist/tex/latex/xcolor/xcolor.sty
Package: xcolor 2023/11/15 v3.01 LaTeX color extensions (UK)
 (/usr/local/texlive/2024/texmf-dist/tex/latex/graphics-cfg/color.cfg
File: color.cfg 2016/01/02 v1.6 sample color configuration
)
Package xcolor Info: Driver file: pdftex.def on input line 274.
 (/usr/local/texlive/2024/texmf-dist/tex/latex/graphics/mathcolor.ltx)
Package xcolor Info: Model `cmy' substituted by `cmy0' on input line 1350.
Package xcolor Info: Model `hsb' substituted by `rgb' on input line 1354.
Package xcolor Info: Model `RGB' extended on input line 1366.
Package xcolor Info: Model `HTML' substituted by `rgb' on input line 1368.
Package xcolor Info: Model `Hsb' substituted by `hsb' on input line 1369.
Package xcolor Info: Model `tHsb' substituted by `hsb' on input line 1370.
Package xcolor Info: Model `HSB' substituted by `hsb' on input line 1371.
Package xcolor Info: Model `Gray' substituted by `gray' on input line 1372.
Package xcolor Info: Model `wave' substituted by `hsb' on input line 1373.
) (/usr/local/texlive/2024/texmf-dist/tex/latex/wrapfig/wrapfig.sty
\wrapoverhang=\dimen177
\WF@size=\dimen178
\c@WF@wrappedlines=\count304
\WF@box=\box57
\WF@everypar=\toks27
Package: wrapfig 2003/01/31  v 3.6
) (/usr/local/texlive/2024/texmf-dist/tex/latex/pgf/frontendlayer/tikz.sty (/usr/local/texlive/2024/texmf-dist/tex/latex/pgf/basiclayer/pgf.sty (/usr/local/texlive/2024/texmf-dist/tex/latex/pgf/utilities/pgfrcs.sty (/usr/local/texlive/2024/texmf-dist/tex/generic/pgf/utilities/pgfutil-common.tex
\pgfutil@everybye=\toks28
\pgfutil@tempdima=\dimen179
\pgfutil@tempdimb=\dimen180
) (/usr/local/texlive/2024/texmf-dist/tex/generic/pgf/utilities/pgfutil-latex.def
\pgfutil@abb=\box58
) (/usr/local/texlive/2024/texmf-dist/tex/generic/pgf/utilities/pgfrcs.code.tex (/usr/local/texlive/2024/texmf-dist/tex/generic/pgf/pgf.revision.tex)
Package: pgfrcs 2023-01-15 v3.1.10 (3.1.10)
))
Package: pgf 2023-01-15 v3.1.10 (3.1.10)
 (/usr/local/texlive/2024/texmf-dist/tex/latex/pgf/basiclayer/pgfcore.sty (/usr/local/texlive/2024/texmf-dist/tex/latex/pgf/systemlayer/pgfsys.sty (/usr/local/texlive/2024/texmf-dist/tex/generic/pgf/systemlayer/pgfsys.code.tex
Package: pgfsys 2023-01-15 v3.1.10 (3.1.10)
 (/usr/local/texlive/2024/texmf-dist/tex/generic/pgf/utilities/pgfkeys.code.tex
\pgfkeys@pathtoks=\toks29
\pgfkeys@temptoks=\toks30
 (/usr/local/texlive/2024/texmf-dist/tex/generic/pgf/utilities/pgfkeyslibraryfiltered.code.tex
\pgfkeys@tmptoks=\toks31
))
\pgf@x=\dimen181
\pgf@y=\dimen182
\pgf@xa=\dimen183
\pgf@ya=\dimen184
\pgf@xb=\dimen185
\pgf@yb=\dimen186
\pgf@xc=\dimen187
\pgf@yc=\dimen188
\pgf@xd=\dimen189
\pgf@yd=\dimen190
\w@pgf@writea=\write3
\r@pgf@reada=\read3
\c@pgf@counta=\count305
\c@pgf@countb=\count306
\c@pgf@countc=\count307
\c@pgf@countd=\count308
\t@pgf@toka=\toks32
\t@pgf@tokb=\toks33
\t@pgf@tokc=\toks34
\pgf@sys@id@count=\count309
 (/usr/local/texlive/2024/texmf-dist/tex/generic/pgf/systemlayer/pgf.cfg
File: pgf.cfg 2023-01-15 v3.1.10 (3.1.10)
)
Driver file for pgf: pgfsys-pdftex.def
 (/usr/local/texlive/2024/texmf-dist/tex/generic/pgf/systemlayer/pgfsys-pdftex.def
File: pgfsys-pdftex.def 2023-01-15 v3.1.10 (3.1.10)
 (/usr/local/texlive/2024/texmf-dist/tex/generic/pgf/systemlayer/pgfsys-common-pdf.def
File: pgfsys-common-pdf.def 2023-01-15 v3.1.10 (3.1.10)
))) (/usr/local/texlive/2024/texmf-dist/tex/generic/pgf/systemlayer/pgfsyssoftpath.code.tex
File: pgfsyssoftpath.code.tex 2023-01-15 v3.1.10 (3.1.10)
\pgfsyssoftpath@smallbuffer@items=\count310
\pgfsyssoftpath@bigbuffer@items=\count311
) (/usr/local/texlive/2024/texmf-dist/tex/generic/pgf/systemlayer/pgfsysprotocol.code.tex
File: pgfsysprotocol.code.tex 2023-01-15 v3.1.10 (3.1.10)
)) (/usr/local/texlive/2024/texmf-dist/tex/generic/pgf/basiclayer/pgfcore.code.tex
Package: pgfcore 2023-01-15 v3.1.10 (3.1.10)
 (/usr/local/texlive/2024/texmf-dist/tex/generic/pgf/math/pgfmath.code.tex (/usr/local/texlive/2024/texmf-dist/tex/generic/pgf/math/pgfmathutil.code.tex) (/usr/local/texlive/2024/texmf-dist/tex/generic/pgf/math/pgfmathparser.code.tex
\pgfmath@dimen=\dimen191
\pgfmath@count=\count312
\pgfmath@box=\box59
\pgfmath@toks=\toks35
\pgfmath@stack@operand=\toks36
\pgfmath@stack@operation=\toks37
) (/usr/local/texlive/2024/texmf-dist/tex/generic/pgf/math/pgfmathfunctions.code.tex) (/usr/local/texlive/2024/texmf-dist/tex/generic/pgf/math/pgfmathfunctions.basic.code.tex) (/usr/local/texlive/2024/texmf-dist/tex/generic/pgf/math/pgfmathfunctions.trigonometric.code.tex) (/usr/local/texlive/2024/texmf-dist/tex/generic/pgf/math/pgfmathfunctions.random.code.tex) (/usr/local/texlive/2024/texmf-dist/tex/generic/pgf/math/pgfmathfunctions.comparison.code.tex) (/usr/local/texlive/2024/texmf-dist/tex/generic/pgf/math/pgfmathfunctions.base.code.tex) (/usr/local/texlive/2024/texmf-dist/tex/generic/pgf/math/pgfmathfunctions.round.code.tex) (/usr/local/texlive/2024/texmf-dist/tex/generic/pgf/math/pgfmathfunctions.misc.code.tex) (/usr/local/texlive/2024/texmf-dist/tex/generic/pgf/math/pgfmathfunctions.integerarithmetics.code.tex) (/usr/local/texlive/2024/texmf-dist/tex/generic/pgf/math/pgfmathcalc.code.tex) (/usr/local/texlive/2024/texmf-dist/tex/generic/pgf/math/pgfmathfloat.code.tex
\c@pgfmathroundto@lastzeros=\count313
)) (/usr/local/texlive/2024/texmf-dist/tex/generic/pgf/math/pgfint.code.tex) (/usr/local/texlive/2024/texmf-dist/tex/generic/pgf/basiclayer/pgfcorepoints.code.tex
File: pgfcorepoints.code.tex 2023-01-15 v3.1.10 (3.1.10)
\pgf@picminx=\dimen192
\pgf@picmaxx=\dimen193
\pgf@picminy=\dimen194
\pgf@picmaxy=\dimen195
\pgf@pathminx=\dimen196
\pgf@pathmaxx=\dimen197
\pgf@pathminy=\dimen198
\pgf@pathmaxy=\dimen199
\pgf@xx=\dimen256
\pgf@xy=\dimen257
\pgf@yx=\dimen258
\pgf@yy=\dimen259
\pgf@zx=\dimen260
\pgf@zy=\dimen261
) (/usr/local/texlive/2024/texmf-dist/tex/generic/pgf/basiclayer/pgfcorepathconstruct.code.tex
File: pgfcorepathconstruct.code.tex 2023-01-15 v3.1.10 (3.1.10)
\pgf@path@lastx=\dimen262
\pgf@path@lasty=\dimen263
) (/usr/local/texlive/2024/texmf-dist/tex/generic/pgf/basiclayer/pgfcorepathusage.code.tex
File: pgfcorepathusage.code.tex 2023-01-15 v3.1.10 (3.1.10)
\pgf@shorten@end@additional=\dimen264
\pgf@shorten@start@additional=\dimen265
) (/usr/local/texlive/2024/texmf-dist/tex/generic/pgf/basiclayer/pgfcorescopes.code.tex
File: pgfcorescopes.code.tex 2023-01-15 v3.1.10 (3.1.10)
\pgfpic=\box60
\pgf@hbox=\box61
\pgf@layerbox@main=\box62
\pgf@picture@serial@count=\count314
) (/usr/local/texlive/2024/texmf-dist/tex/generic/pgf/basiclayer/pgfcoregraphicstate.code.tex
File: pgfcoregraphicstate.code.tex 2023-01-15 v3.1.10 (3.1.10)
\pgflinewidth=\dimen266
) (/usr/local/texlive/2024/texmf-dist/tex/generic/pgf/basiclayer/pgfcoretransformations.code.tex
File: pgfcoretransformations.code.tex 2023-01-15 v3.1.10 (3.1.10)
\pgf@pt@x=\dimen267
\pgf@pt@y=\dimen268
\pgf@pt@temp=\dimen269
) (/usr/local/texlive/2024/texmf-dist/tex/generic/pgf/basiclayer/pgfcorequick.code.tex
File: pgfcorequick.code.tex 2023-01-15 v3.1.10 (3.1.10)
) (/usr/local/texlive/2024/texmf-dist/tex/generic/pgf/basiclayer/pgfcoreobjects.code.tex
File: pgfcoreobjects.code.tex 2023-01-15 v3.1.10 (3.1.10)
) (/usr/local/texlive/2024/texmf-dist/tex/generic/pgf/basiclayer/pgfcorepathprocessing.code.tex
File: pgfcorepathprocessing.code.tex 2023-01-15 v3.1.10 (3.1.10)
) (/usr/local/texlive/2024/texmf-dist/tex/generic/pgf/basiclayer/pgfcorearrows.code.tex
File: pgfcorearrows.code.tex 2023-01-15 v3.1.10 (3.1.10)
\pgfarrowsep=\dimen270
) (/usr/local/texlive/2024/texmf-dist/tex/generic/pgf/basiclayer/pgfcoreshade.code.tex
File: pgfcoreshade.code.tex 2023-01-15 v3.1.10 (3.1.10)
\pgf@max=\dimen271
\pgf@sys@shading@range@num=\count315
\pgf@shadingcount=\count316
) (/usr/local/texlive/2024/texmf-dist/tex/generic/pgf/basiclayer/pgfcoreimage.code.tex
File: pgfcoreimage.code.tex 2023-01-15 v3.1.10 (3.1.10)
) (/usr/local/texlive/2024/texmf-dist/tex/generic/pgf/basiclayer/pgfcoreexternal.code.tex
File: pgfcoreexternal.code.tex 2023-01-15 v3.1.10 (3.1.10)
\pgfexternal@startupbox=\box63
) (/usr/local/texlive/2024/texmf-dist/tex/generic/pgf/basiclayer/pgfcorelayers.code.tex
File: pgfcorelayers.code.tex 2023-01-15 v3.1.10 (3.1.10)
) (/usr/local/texlive/2024/texmf-dist/tex/generic/pgf/basiclayer/pgfcoretransparency.code.tex
File: pgfcoretransparency.code.tex 2023-01-15 v3.1.10 (3.1.10)
) (/usr/local/texlive/2024/texmf-dist/tex/generic/pgf/basiclayer/pgfcorepatterns.code.tex
File: pgfcorepatterns.code.tex 2023-01-15 v3.1.10 (3.1.10)
) (/usr/local/texlive/2024/texmf-dist/tex/generic/pgf/basiclayer/pgfcorerdf.code.tex
File: pgfcorerdf.code.tex 2023-01-15 v3.1.10 (3.1.10)
))) (/usr/local/texlive/2024/texmf-dist/tex/generic/pgf/modules/pgfmoduleshapes.code.tex
File: pgfmoduleshapes.code.tex 2023-01-15 v3.1.10 (3.1.10)
\pgfnodeparttextbox=\box64
) (/usr/local/texlive/2024/texmf-dist/tex/generic/pgf/modules/pgfmoduleplot.code.tex
File: pgfmoduleplot.code.tex 2023-01-15 v3.1.10 (3.1.10)
) (/usr/local/texlive/2024/texmf-dist/tex/latex/pgf/compatibility/pgfcomp-version-0-65.sty
Package: pgfcomp-version-0-65 2023-01-15 v3.1.10 (3.1.10)
\pgf@nodesepstart=\dimen272
\pgf@nodesepend=\dimen273
) (/usr/local/texlive/2024/texmf-dist/tex/latex/pgf/compatibility/pgfcomp-version-1-18.sty
Package: pgfcomp-version-1-18 2023-01-15 v3.1.10 (3.1.10)
)) (/usr/local/texlive/2024/texmf-dist/tex/latex/pgf/utilities/pgffor.sty (/usr/local/texlive/2024/texmf-dist/tex/latex/pgf/utilities/pgfkeys.sty (/usr/local/texlive/2024/texmf-dist/tex/generic/pgf/utilities/pgfkeys.code.tex)) (/usr/local/texlive/2024/texmf-dist/tex/latex/pgf/math/pgfmath.sty (/usr/local/texlive/2024/texmf-dist/tex/generic/pgf/math/pgfmath.code.tex)) (/usr/local/texlive/2024/texmf-dist/tex/generic/pgf/utilities/pgffor.code.tex
Package: pgffor 2023-01-15 v3.1.10 (3.1.10)
\pgffor@iter=\dimen274
\pgffor@skip=\dimen275
\pgffor@stack=\toks38
\pgffor@toks=\toks39
)) (/usr/local/texlive/2024/texmf-dist/tex/generic/pgf/frontendlayer/tikz/tikz.code.tex
Package: tikz 2023-01-15 v3.1.10 (3.1.10)
 (/usr/local/texlive/2024/texmf-dist/tex/generic/pgf/libraries/pgflibraryplothandlers.code.tex
File: pgflibraryplothandlers.code.tex 2023-01-15 v3.1.10 (3.1.10)
\pgf@plot@mark@count=\count317
\pgfplotmarksize=\dimen276
)
\tikz@lastx=\dimen277
\tikz@lasty=\dimen278
\tikz@lastxsaved=\dimen279
\tikz@lastysaved=\dimen280
\tikz@lastmovetox=\dimen281
\tikz@lastmovetoy=\dimen282
\tikzleveldistance=\dimen283
\tikzsiblingdistance=\dimen284
\tikz@figbox=\box65
\tikz@figbox@bg=\box66
\tikz@tempbox=\box67
\tikz@tempbox@bg=\box68
\tikztreelevel=\count318
\tikznumberofchildren=\count319
\tikznumberofcurrentchild=\count320
\tikz@fig@count=\count321
 (/usr/local/texlive/2024/texmf-dist/tex/generic/pgf/modules/pgfmodulematrix.code.tex
File: pgfmodulematrix.code.tex 2023-01-15 v3.1.10 (3.1.10)
\pgfmatrixcurrentrow=\count322
\pgfmatrixcurrentcolumn=\count323
\pgf@matrix@numberofcolumns=\count324
)
\tikz@expandcount=\count325
 (/usr/local/texlive/2024/texmf-dist/tex/generic/pgf/frontendlayer/tikz/libraries/tikzlibrarytopaths.code.tex
File: tikzlibrarytopaths.code.tex 2023-01-15 v3.1.10 (3.1.10)
))) (/usr/local/texlive/2024/texmf-dist/tex/latex/tikz-3dplot/tikz-3dplot.sty (/usr/local/texlive/2024/texmf-dist/tex/latex/base/ifthen.sty
Package: ifthen 2022/04/13 v1.1d Standard LaTeX ifthen package (DPC)
) (/usr/local/texlive/2024/texmf-dist/tex/generic/pgf/frontendlayer/tikz/libraries/tikzlibrarycalc.code.tex
File: tikzlibrarycalc.code.tex 2023-01-15 v3.1.10 (3.1.10)
) (/usr/local/texlive/2024/texmf-dist/tex/generic/pgf/frontendlayer/tikz/libraries/tikzlibrary3d.code.tex
File: tikzlibrary3d.code.tex 2023-01-15 v3.1.10 (3.1.10)
) (/usr/local/texlive/2024/texmf-dist/tex/generic/pgf/frontendlayer/tikz/libraries/tikzlibraryarrows.code.tex
File: tikzlibraryarrows.code.tex 2023-01-15 v3.1.10 (3.1.10)
 (/usr/local/texlive/2024/texmf-dist/tex/generic/pgf/libraries/pgflibraryarrows.code.tex
File: pgflibraryarrows.code.tex 2023-01-15 v3.1.10 (3.1.10)
\arrowsize=\dimen285
))) (/usr/local/texlive/2024/texmf-dist/tex/latex/l3backend/l3backend-pdftex.def
File: l3backend-pdftex.def 2024-02-20 L3 backend support: PDF output (pdfTeX)
\l__color_backend_stack_int=\count326
\l__pdf_internal_box=\box69
) (./main.aux)
\openout1 = `main.aux'.

LaTeX Font Info:    Checking defaults for OML/cmm/m/it on input line 22.
LaTeX Font Info:    ... okay on input line 22.
LaTeX Font Info:    Checking defaults for OMS/cmsy/m/n on input line 22.
LaTeX Font Info:    ... okay on input line 22.
LaTeX Font Info:    Checking defaults for OT1/cmr/m/n on input line 22.
LaTeX Font Info:    ... okay on input line 22.
LaTeX Font Info:    Checking defaults for T1/cmr/m/n on input line 22.
LaTeX Font Info:    ... okay on input line 22.
LaTeX Font Info:    Checking defaults for TS1/cmr/m/n on input line 22.
LaTeX Font Info:    ... okay on input line 22.
LaTeX Font Info:    Checking defaults for OMX/cmex/m/n on input line 22.
LaTeX Font Info:    ... okay on input line 22.
LaTeX Font Info:    Checking defaults for U/cmr/m/n on input line 22.
LaTeX Font Info:    ... okay on input line 22.
LaTeX Font Info:    Checking defaults for PD1/pdf/m/n on input line 22.
LaTeX Font Info:    ... okay on input line 22.
LaTeX Font Info:    Checking defaults for PU/pdf/m/n on input line 22.
LaTeX Font Info:    ... okay on input line 22.
Package caption Info: Begin \AtBeginDocument code.
Package caption Info: hyperref package is loaded.
Package caption Info: listings package is loaded.
Package caption Info: wrapfig package is loaded.
Package caption Info: End \AtBeginDocument code.

*geometry* driver: auto-detecting
*geometry* detected driver: pdftex
*geometry* verbose mode - [ preamble ] result:
* driver: pdftex
* paper: letterpaper
* layout: <same size as paper>
* layoutoffset:(h,v)=(0.0pt,0.0pt)
* modes: 
* h-part:(L,W,R)=(85.35826pt, 443.57848pt, 85.35826pt)
* v-part:(T,H,B)=(56.9055pt, 681.15898pt, 56.9055pt)
* \paperwidth=614.295pt
* \paperheight=794.96999pt
* \textwidth=443.57848pt
* \textheight=681.15898pt
* \oddsidemargin=13.08827pt
* \evensidemargin=13.08827pt
* \topmargin=-52.36449pt
* \headheight=12.0pt
* \headsep=25.0pt
* \topskip=10.0pt
* \footskip=30.0pt
* \marginparwidth=49.79231pt
* \marginparsep=11.0pt
* \columnsep=10.0pt
* \skip\footins=9.0pt plus 4.0pt minus 2.0pt
* \hoffset=0.0pt
* \voffset=0.0pt
* \mag=1000
* \@twocolumnfalse
* \@twosidefalse
* \@mparswitchfalse
* \@reversemarginfalse
* (1in=72.27pt=25.4mm, 1cm=28.453pt)

(/usr/local/texlive/2024/texmf-dist/tex/context/base/mkii/supp-pdf.mkii
[Loading MPS to PDF converter (version 2006.09.02).]
\scratchcounter=\count327
\scratchdimen=\dimen286
\scratchbox=\box70
\nofMPsegments=\count328
\nofMParguments=\count329
\everyMPshowfont=\toks40
\MPscratchCnt=\count330
\MPscratchDim=\dimen287
\MPnumerator=\count331
\makeMPintoPDFobject=\count332
\everyMPtoPDFconversion=\toks41
) (/usr/local/texlive/2024/texmf-dist/tex/latex/epstopdf-pkg/epstopdf-base.sty
Package: epstopdf-base 2020-01-24 v2.11 Base part for package epstopdf
Package epstopdf-base Info: Redefining graphics rule for `.eps' on input line 485.
 (/usr/local/texlive/2024/texmf-dist/tex/latex/latexconfig/epstopdf-sys.cfg
File: epstopdf-sys.cfg 2010/07/13 v1.3 Configuration of (r)epstopdf for TeX Live
))
Package hyperref Info: Link coloring ON on input line 22.
 (./main.out) (./main.out)
\@outlinefile=\write4
\openout4 = `main.out'.

\c@lstlisting=\count333
 [1

{/usr/local/texlive/2024/texmf-var/fonts/map/pdftex/updmap/pdftex.map}] (./body.tex
Underfull \hbox (badness 10000) in paragraph at lines 33--35

 []


LaTeX Warning: Citation `NASA2024' on page 2 undefined on input line 40.


Underfull \hbox (badness 10000) in paragraph at lines 40--41

 []

<spaceship.jpg, id=166, 1204.5pt x 803.0pt>
File: spaceship.jpg Graphic file (type jpg)
<use spaceship.jpg>
Package pdftex.def Info: spaceship.jpg  used on input line 44.
(pdftex.def)             Requested size: 221.78923pt x 147.85426pt.

LaTeX Warning: Citation `KennedySpaceCenter-2024' on page 2 undefined on input line 45.


LaTeX Warning: Citation `KennedySpaceCenter-2024' on page 2 undefined on input line 45.


LaTeX Warning: Citation `partington-1954' on page 2 undefined on input line 48.


Underfull \hbox (badness 10000) in paragraph at lines 52--58

 []


Underfull \hbox (badness 10000) in paragraph at lines 52--58

 []

[2 <./spaceship.jpg>]
Underfull \hbox (badness 10000) in paragraph at lines 60--65

 []


Underfull \hbox (badness 10000) in paragraph at lines 60--65

 []

<cylinder 2.pdf, id=180, 361.35pt x 246.9225pt>
File: cylinder 2.pdf Graphic file (type pdf)
<use cylinder 2.pdf>
Package pdftex.def Info: cylinder 2.pdf  used on input line 68.
(pdftex.def)             Requested size: 266.14978pt x 181.86826pt.
[3 <./cylinder 2.pdf>]

LaTeX Warning: Citation `Kittel1980' on page 4 undefined on input line 96.


LaTeX Warning: Citation `Tolman1938' on page 4 undefined on input line 96.

<temp.png, id=230, 709.33005pt x 379.4175pt>
File: temp.png Graphic file (type png)
<use temp.png>
Package pdftex.def Info: temp.png  used on input line 108.
(pdftex.def)             Requested size: 310.50357pt x 166.08737pt.
[4]

LaTeX Warning: Citation `lees-1996' on page 5 undefined on input line 117.


LaTeX Warning: Citation `fahyan-2009' on page 5 undefined on input line 117.


Underfull \hbox (badness 10000) in paragraph at lines 117--120

 []

[5 <./temp.png>]

LaTeX Warning: Citation `saad-1985' on page 6 undefined on input line 170.


LaTeX Warning: Citation `saad-1985' on page 6 undefined on input line 203.

[6
pdfTeX warning (ext4): destination with the same identifier (name{equation.4.4}) has been already used, duplicate ignored
<argument> ...shipout:D \box_use:N \l_shipout_box 
                                                  \__shipout_drop_firstpage_...
l.218 \begin{equation}
                      \notag
pdfTeX warning (ext4): destination with the same identifier (name{equation.4.5}) has been already used, duplicate ignored
<argument> ...shipout:D \box_use:N \l_shipout_box 
                                                  \__shipout_drop_firstpage_...
l.218 \begin{equation}
                      \notag]
pdfTeX warning (ext4): destination with the same identifier (name{equation.4.7}) has been already used, duplicate ignored
<to be read again> 
                   \relax 
l.218 \begin{equation}
                      \notag
pdfTeX warning (ext4): destination with the same identifier (name{equation.4.7}) has been already used, duplicate ignored
<to be read again> 
                   \relax 
l.218 \begin{equation}
                      \notag
pdfTeX warning (ext4): destination with the same identifier (name{equation.4.7}) has been already used, duplicate ignored
<to be read again> 
                   \relax 
l.218 \begin{equation}
                      \notag
pdfTeX warning (ext4): destination with the same identifier (name{equation.4.7}) has been already used, duplicate ignored
<to be read again> 
                   \relax 
l.218 \begin{equation}
                      \notag
pdfTeX warning (ext4): destination with the same identifier (name{equation.4.7}) has been already used, duplicate ignored
<to be read again> 
                   \relax 
l.223 \begin{equation}
                      
pdfTeX warning (ext4): destination with the same identifier (name{equation.4.7}) has been already used, duplicate ignored
<to be read again> 
                   \relax 
l.223 \begin{equation}
                      
pdfTeX warning (ext4): destination with the same identifier (name{equation.4.7}) has been already used, duplicate ignored
<to be read again> 
                   \relax 
l.223 \begin{equation}
                      
pdfTeX warning (ext4): destination with the same identifier (name{equation.4.7}) has been already used, duplicate ignored
<to be read again> 
                   \relax 
l.223 \begin{equation}
                      
pdfTeX warning (ext4): destination with the same identifier (name{equation.4.7}) has been already used, duplicate ignored
<to be read again> 
                   \relax 
l.228 \begin{equation}
                      
pdfTeX warning (ext4): destination with the same identifier (name{equation.4.7}) has been already used, duplicate ignored
<to be read again> 
                   \relax 
l.228 \begin{equation}
                      
pdfTeX warning (ext4): destination with the same identifier (name{equation.4.7}) has been already used, duplicate ignored
<to be read again> 
                   \relax 
l.228 \begin{equation}
                      
pdfTeX warning (ext4): destination with the same identifier (name{equation.4.7}) has been already used, duplicate ignored
<to be read again> 
                   \relax 
l.228 \begin{equation}
                      
pdfTeX warning (ext4): destination with the same identifier (name{equation.4.7}) has been already used, duplicate ignored
<to be read again> 
                   \relax 
l.234 \begin{equation}
                      
pdfTeX warning (ext4): destination with the same identifier (name{equation.4.7}) has been already used, duplicate ignored
<to be read again> 
                   \relax 
l.234 \begin{equation}
                      
pdfTeX warning (ext4): destination with the same identifier (name{equation.4.7}) has been already used, duplicate ignored
<to be read again> 
                   \relax 
l.234 \begin{equation}
                      
pdfTeX warning (ext4): destination with the same identifier (name{equation.4.7}) has been already used, duplicate ignored
<to be read again> 
                   \relax 
l.234 \begin{equation}
                      
Underfull \hbox (badness 10000) in paragraph at lines 242--245

 []


Underfull \hbox (badness 10000) in paragraph at lines 251--253

 []


Underfull \hbox (badness 10000) in paragraph at lines 251--253

 []


Underfull \hbox (badness 10000) in paragraph at lines 262--265

 []


Underfull \hbox (badness 10000) in paragraph at lines 283--287

 []

[7
pdfTeX warning (ext4): destination with the same identifier (name{equation.4.7}) has been already used, duplicate ignored
<argument> ...shipout:D \box_use:N \l_shipout_box 
                                                  \__shipout_drop_firstpage_...
l.289 \end{equation}
                    
pdfTeX warning (ext4): destination with the same identifier (name{equation.5.8}) has been already used, duplicate ignored
<argument> ...shipout:D \box_use:N \l_shipout_box 
                                                  \__shipout_drop_firstpage_...
l.289 \end{equation}
                    
pdfTeX warning (ext4): destination with the same identifier (name{equation.5.8}) has been already used, duplicate ignored
<argument> ...shipout:D \box_use:N \l_shipout_box 
                                                  \__shipout_drop_firstpage_...
l.289 \end{equation}
                    
pdfTeX warning (ext4): destination with the same identifier (name{equation.5.8}) has been already used, duplicate ignored
<argument> ...shipout:D \box_use:N \l_shipout_box 
                                                  \__shipout_drop_firstpage_...
l.289 \end{equation}
                    
pdfTeX warning (ext4): destination with the same identifier (name{equation.5.8}) has been already used, duplicate ignored
<argument> ...shipout:D \box_use:N \l_shipout_box 
                                                  \__shipout_drop_firstpage_...
l.289 \end{equation}
                    
pdfTeX warning (ext4): destination with the same identifier (name{equation.5.8}) has been already used, duplicate ignored
<argument> ...shipout:D \box_use:N \l_shipout_box 
                                                  \__shipout_drop_firstpage_...
l.289 \end{equation}
                    ]
pdfTeX warning (ext4): destination with the same identifier (name{equation.5.8}) has been already used, duplicate ignored
<to be read again> 
                   \relax 
l.292 \begin{equation}
                      \notag
pdfTeX warning (ext4): destination with the same identifier (name{equation.5.8}) has been already used, duplicate ignored
<to be read again> 
                   \relax 
l.292 \begin{equation}
                      \notag
pdfTeX warning (ext4): destination with the same identifier (name{equation.5.8}) has been already used, duplicate ignored
<to be read again> 
                   \relax 
l.292 \begin{equation}
                      \notag
pdfTeX warning (ext4): destination with the same identifier (name{equation.5.8}) has been already used, duplicate ignored
<to be read again> 
                   \relax 
l.292 \begin{equation}
                      \notag
pdfTeX warning (ext4): destination with the same identifier (name{equation.5.8}) has been already used, duplicate ignored
<to be read again> 
                   \relax 
l.296 \begin{equation}
                      \notag
pdfTeX warning (ext4): destination with the same identifier (name{equation.5.8}) has been already used, duplicate ignored
<to be read again> 
                   \relax 
l.296 \begin{equation}
                      \notag
pdfTeX warning (ext4): destination with the same identifier (name{equation.5.8}) has been already used, duplicate ignored
<to be read again> 
                   \relax 
l.296 \begin{equation}
                      \notag
pdfTeX warning (ext4): destination with the same identifier (name{equation.5.8}) has been already used, duplicate ignored
<to be read again> 
                   \relax 
l.296 \begin{equation}
                      \notag
pdfTeX warning (ext4): destination with the same identifier (name{equation.5.8}) has been already used, duplicate ignored
<to be read again> 
                   \relax 
l.301 \begin{equation}
                      \notag
pdfTeX warning (ext4): destination with the same identifier (name{equation.5.8}) has been already used, duplicate ignored
<to be read again> 
                   \relax 
l.301 \begin{equation}
                      \notag
pdfTeX warning (ext4): destination with the same identifier (name{equation.5.8}) has been already used, duplicate ignored
<to be read again> 
                   \relax 
l.301 \begin{equation}
                      \notag
pdfTeX warning (ext4): destination with the same identifier (name{equation.5.8}) has been already used, duplicate ignored
<to be read again> 
                   \relax 
l.301 \begin{equation}
                      \notag
pdfTeX warning (ext4): destination with the same identifier (name{equation.5.8}) has been already used, duplicate ignored
<to be read again> 
                   \relax 
l.306 \begin{equation}
                      \notag
pdfTeX warning (ext4): destination with the same identifier (name{equation.5.8}) has been already used, duplicate ignored
<to be read again> 
                   \relax 
l.306 \begin{equation}
                      \notag
pdfTeX warning (ext4): destination with the same identifier (name{equation.5.8}) has been already used, duplicate ignored
<to be read again> 
                   \relax 
l.306 \begin{equation}
                      \notag
pdfTeX warning (ext4): destination with the same identifier (name{equation.5.8}) has been already used, duplicate ignored
<to be read again> 
                   \relax 
l.306 \begin{equation}
                      \notag
pdfTeX warning (ext4): destination with the same identifier (name{equation.5.8}) has been already used, duplicate ignored
<to be read again> 
                   \relax 
l.311 \begin{equation}
                      \notag
pdfTeX warning (ext4): destination with the same identifier (name{equation.5.8}) has been already used, duplicate ignored
<to be read again> 
                   \relax 
l.311 \begin{equation}
                      \notag
pdfTeX warning (ext4): destination with the same identifier (name{equation.5.8}) has been already used, duplicate ignored
<to be read again> 
                   \relax 
l.311 \begin{equation}
                      \notag
pdfTeX warning (ext4): destination with the same identifier (name{equation.5.8}) has been already used, duplicate ignored
<to be read again> 
                   \relax 
l.311 \begin{equation}
                      \notag
pdfTeX warning (ext4): destination with the same identifier (name{equation.5.8}) has been already used, duplicate ignored
<to be read again> 
                   \relax 
l.316 \begin{equation}
                      \notag
pdfTeX warning (ext4): destination with the same identifier (name{equation.5.8}) has been already used, duplicate ignored
<to be read again> 
                   \relax 
l.316 \begin{equation}
                      \notag
pdfTeX warning (ext4): destination with the same identifier (name{equation.5.8}) has been already used, duplicate ignored
<to be read again> 
                   \relax 
l.316 \begin{equation}
                      \notag
pdfTeX warning (ext4): destination with the same identifier (name{equation.5.8}) has been already used, duplicate ignored
<to be read again> 
                   \relax 
l.316 \begin{equation}
                      \notag
pdfTeX warning (ext4): destination with the same identifier (name{equation.5.8}) has been already used, duplicate ignored
<to be read again> 
                   \relax 
l.321 \begin{equation}
                      
pdfTeX warning (ext4): destination with the same identifier (name{equation.5.8}) has been already used, duplicate ignored
<to be read again> 
                   \relax 
l.321 \begin{equation}
                      
pdfTeX warning (ext4): destination with the same identifier (name{equation.5.8}) has been already used, duplicate ignored
<to be read again> 
                   \relax 
l.321 \begin{equation}
                      
pdfTeX warning (ext4): destination with the same identifier (name{equation.5.8}) has been already used, duplicate ignored
<to be read again> 
                   \relax 
l.321 \begin{equation}
                      
Underfull \hbox (badness 10000) in paragraph at lines 327--330

 []


LaTeX Warning: Citation `saad-1985' on page 8 undefined on input line 335.


LaTeX Warning: Citation `saad-1985' on page 8 undefined on input line 349.

[8
pdfTeX warning (ext4): destination with the same identifier (name{equation.5.8}) has been already used, duplicate ignored
<argument> ...shipout:D \box_use:N \l_shipout_box 
                                                  \__shipout_drop_firstpage_...
l.362 \end{equation}
                    
pdfTeX warning (ext4): destination with the same identifier (name{equation.5.9}) has been already used, duplicate ignored
<argument> ...shipout:D \box_use:N \l_shipout_box 
                                                  \__shipout_drop_firstpage_...
l.362 \end{equation}
                    
pdfTeX warning (ext4): destination with the same identifier (name{equation.5.9}) has been already used, duplicate ignored
<argument> ...shipout:D \box_use:N \l_shipout_box 
                                                  \__shipout_drop_firstpage_...
l.362 \end{equation}
                    ]
Underfull \hbox (badness 10000) in paragraph at lines 374--379

 []


Underfull \hbox (badness 10000) in paragraph at lines 374--379

 []


LaTeX Warning: Citation `saad-1985' on page 9 undefined on input line 388.

[9
pdfTeX warning (ext4): destination with the same identifier (name{equation.5.13}) has been already used, duplicate ignored
<argument> ...shipout:D \box_use:N \l_shipout_box 
                                                  \__shipout_drop_firstpage_...
l.422 \end{equation}
                    
pdfTeX warning (ext4): destination with the same identifier (name{equation.5.13}) has been already used, duplicate ignored
<argument> ...shipout:D \box_use:N \l_shipout_box 
                                                  \__shipout_drop_firstpage_...
l.422 \end{equation}
                    
pdfTeX warning (ext4): destination with the same identifier (name{equation.5.13}) has been already used, duplicate ignored
<argument> ...shipout:D \box_use:N \l_shipout_box 
                                                  \__shipout_drop_firstpage_...
l.422 \end{equation}
                    
pdfTeX warning (ext4): destination with the same identifier (name{equation.5.14}) has been already used, duplicate ignored
<argument> ...shipout:D \box_use:N \l_shipout_box 
                                                  \__shipout_drop_firstpage_...
l.422 \end{equation}
                    
pdfTeX warning (ext4): destination with the same identifier (name{equation.5.14}) has been already used, duplicate ignored
<argument> ...shipout:D \box_use:N \l_shipout_box 
                                                  \__shipout_drop_firstpage_...
l.422 \end{equation}
                    
pdfTeX warning (ext4): destination with the same identifier (name{equation.5.14}) has been already used, duplicate ignored
<argument> ...shipout:D \box_use:N \l_shipout_box 
                                                  \__shipout_drop_firstpage_...
l.422 \end{equation}
                    
pdfTeX warning (ext4): destination with the same identifier (name{equation.5.14}) has been already used, duplicate ignored
<argument> ...shipout:D \box_use:N \l_shipout_box 
                                                  \__shipout_drop_firstpage_...
l.422 \end{equation}
                    ]
pdfTeX warning (ext4): destination with the same identifier (name{equation.5.16}) has been already used, duplicate ignored
<to be read again> 
                   \relax 
l.425 \begin{equation}
                      \notag
pdfTeX warning (ext4): destination with the same identifier (name{equation.5.16}) has been already used, duplicate ignored
<to be read again> 
                   \relax 
l.425 \begin{equation}
                      \notag
pdfTeX warning (ext4): destination with the same identifier (name{equation.5.16}) has been already used, duplicate ignored
<to be read again> 
                   \relax 
l.425 \begin{equation}
                      \notag
pdfTeX warning (ext4): destination with the same identifier (name{equation.5.16}) has been already used, duplicate ignored
<to be read again> 
                   \relax 
l.425 \begin{equation}
                      \notag
pdfTeX warning (ext4): destination with the same identifier (name{equation.5.16}) has been already used, duplicate ignored
<to be read again> 
                   \relax 
l.430 \begin{equation}
                      \notag
pdfTeX warning (ext4): destination with the same identifier (name{equation.5.16}) has been already used, duplicate ignored
<to be read again> 
                   \relax 
l.430 \begin{equation}
                      \notag
pdfTeX warning (ext4): destination with the same identifier (name{equation.5.16}) has been already used, duplicate ignored
<to be read again> 
                   \relax 
l.430 \begin{equation}
                      \notag
pdfTeX warning (ext4): destination with the same identifier (name{equation.5.16}) has been already used, duplicate ignored
<to be read again> 
                   \relax 
l.430 \begin{equation}
                      \notag
pdfTeX warning (ext4): destination with the same identifier (name{equation.5.16}) has been already used, duplicate ignored
<to be read again> 
                   \relax 
l.435 \begin{equation}
                      \notag
pdfTeX warning (ext4): destination with the same identifier (name{equation.5.16}) has been already used, duplicate ignored
<to be read again> 
                   \relax 
l.435 \begin{equation}
                      \notag
pdfTeX warning (ext4): destination with the same identifier (name{equation.5.16}) has been already used, duplicate ignored
<to be read again> 
                   \relax 
l.435 \begin{equation}
                      \notag
pdfTeX warning (ext4): destination with the same identifier (name{equation.5.16}) has been already used, duplicate ignored
<to be read again> 
                   \relax 
l.435 \begin{equation}
                      \notag
pdfTeX warning (ext4): destination with the same identifier (name{equation.5.16}) has been already used, duplicate ignored
<to be read again> 
                   \relax 
l.439 \begin{equation}
                      \notag
pdfTeX warning (ext4): destination with the same identifier (name{equation.5.16}) has been already used, duplicate ignored
<to be read again> 
                   \relax 
l.439 \begin{equation}
                      \notag
pdfTeX warning (ext4): destination with the same identifier (name{equation.5.16}) has been already used, duplicate ignored
<to be read again> 
                   \relax 
l.439 \begin{equation}
                      \notag
pdfTeX warning (ext4): destination with the same identifier (name{equation.5.16}) has been already used, duplicate ignored
<to be read again> 
                   \relax 
l.439 \begin{equation}
                      \notag
pdfTeX warning (ext4): destination with the same identifier (name{equation.5.16}) has been already used, duplicate ignored
<to be read again> 
                   \relax 
l.444 \begin{equation}
                      
pdfTeX warning (ext4): destination with the same identifier (name{equation.5.16}) has been already used, duplicate ignored
<to be read again> 
                   \relax 
l.444 \begin{equation}
                      
pdfTeX warning (ext4): destination with the same identifier (name{equation.5.16}) has been already used, duplicate ignored
<to be read again> 
                   \relax 
l.444 \begin{equation}
                      
pdfTeX warning (ext4): destination with the same identifier (name{equation.5.16}) has been already used, duplicate ignored
<to be read again> 
                   \relax 
l.444 \begin{equation}
                       [10
pdfTeX warning (ext4): destination with the same identifier (name{equation.5.16}) has been already used, duplicate ignored
<argument> ...shipout:D \box_use:N \l_shipout_box 
                                                  \__shipout_drop_firstpage_...
l.495 
      
pdfTeX warning (ext4): destination with the same identifier (name{equation.5.16}) has been already used, duplicate ignored
<argument> ...shipout:D \box_use:N \l_shipout_box 
                                                  \__shipout_drop_firstpage_...
l.495 
      
pdfTeX warning (ext4): destination with the same identifier (name{equation.5.17}) has been already used, duplicate ignored
<argument> ...shipout:D \box_use:N \l_shipout_box 
                                                  \__shipout_drop_firstpage_...
l.495 
      
pdfTeX warning (ext4): destination with the same identifier (name{equation.5.17}) has been already used, duplicate ignored
<argument> ...shipout:D \box_use:N \l_shipout_box 
                                                  \__shipout_drop_firstpage_...
l.495 
      
pdfTeX warning (ext4): destination with the same identifier (name{equation.5.17}) has been already used, duplicate ignored
<argument> ...shipout:D \box_use:N \l_shipout_box 
                                                  \__shipout_drop_firstpage_...
l.495 
      
pdfTeX warning (ext4): destination with the same identifier (name{equation.5.17}) has been already used, duplicate ignored
<argument> ...shipout:D \box_use:N \l_shipout_box 
                                                  \__shipout_drop_firstpage_...
l.495 
      
pdfTeX warning (ext4): destination with the same identifier (name{equation.5.17}) has been already used, duplicate ignored
<argument> ...shipout:D \box_use:N \l_shipout_box 
                                                  \__shipout_drop_firstpage_...
l.495 
      
pdfTeX warning (ext4): destination with the same identifier (name{equation.5.17}) has been already used, duplicate ignored
<argument> ...shipout:D \box_use:N \l_shipout_box 
                                                  \__shipout_drop_firstpage_...
l.495 
      
pdfTeX warning (ext4): destination with the same identifier (name{equation.5.17}) has been already used, duplicate ignored
<argument> ...shipout:D \box_use:N \l_shipout_box 
                                                  \__shipout_drop_firstpage_...
l.495 
      ]

LaTeX Warning: Citation `schlichting-1955' on page 11 undefined on input line 497.

<SpceshipOutlayer.jpg, id=285, 1570.86874pt x 859.21pt>
File: SpceshipOutlayer.jpg Graphic file (type jpg)
<use SpceshipOutlayer.jpg>
Package pdftex.def Info: SpceshipOutlayer.jpg  used on input line 500.
(pdftex.def)             Requested size: 221.78923pt x 121.31119pt.

LaTeX Warning: Citation `Albin_Merle' on page 11 undefined on input line 501.


LaTeX Warning: Citation `Albin_Merle' on page 11 undefined on input line 501.


LaTeX Warning: Citation `Finckenor_Miria' on page 11 undefined on input line 504.


LaTeX Warning: Citation `fahyan-2009' on page 11 undefined on input line 508.


Underfull \hbox (badness 10000) in paragraph at lines 507--510

 []


Underfull \hbox (badness 10000) in paragraph at lines 507--510

 []


Underfull \hbox (badness 10000) in paragraph at lines 516--518

 []

<Re1.jpg, id=286, 390.45876pt x 279.0425pt>
File: Re1.jpg Graphic file (type jpg)
<use Re1.jpg>
Package pdftex.def Info: Re1.jpg  used on input line 523.
(pdftex.def)             Requested size: 199.60895pt x 142.6504pt.
<Re2.jpg, id=287, 388.45125pt x 237.88875pt>
File: Re2.jpg Graphic file (type jpg)
<use Re2.jpg>
Package pdftex.def Info: Re2.jpg  used on input line 530.
(pdftex.def)             Requested size: 199.60895pt x 122.24364pt.

LaTeX Warning: Citation `wu-2002' on page 11 undefined on input line 534.


LaTeX Warning: Citation `wu-2002' on page 11 undefined on input line 534.

[11 <./SpceshipOutlayer.jpg>]

LaTeX Warning: Citation `wu-2002' on page 12 undefined on input line 542.

<Orifices.jpg, id=294, 956.57375pt x 337.26pt>
File: Orifices.jpg Graphic file (type jpg)
<use Orifices.jpg>
Package pdftex.def Info: Orifices.jpg  used on input line 545.
(pdftex.def)             Requested size: 288.32329pt x 101.65222pt.

LaTeX Warning: Citation `wu-2002' on page 12 undefined on input line 546.


LaTeX Warning: Citation `wu-2002' on page 12 undefined on input line 546.

<Graphs/TDCchart.png, id=295, 468.3096pt x 322.806pt>
File: Graphs/TDCchart.png Graphic file (type png)
<use Graphs/TDCchart.png>
Package pdftex.def Info: Graphs/TDCchart.png  used on input line 557.
(pdftex.def)             Requested size: 354.86412pt x 244.62088pt.
[12 <./Re1.jpg> <./Re2.jpg> <./Orifices.jpg>]
<Graphs/TDCchartCut.png, id=303, 468.3096pt x 322.806pt>
File: Graphs/TDCchartCut.png Graphic file (type png)
<use Graphs/TDCchartCut.png>
Package pdftex.def Info: Graphs/TDCchartCut.png  used on input line 565.
(pdftex.def)             Requested size: 354.86412pt x 244.62088pt.
 [13 <./Graphs/TDCchart.png> <./Graphs/TDCchartCut.png>]
<Graphs/PressureTime1cmC9.png, id=313, 390.258pt x 257.763pt>
File: Graphs/PressureTime1cmC9.png Graphic file (type png)
<use Graphs/PressureTime1cmC9.png>
Package pdftex.def Info: Graphs/PressureTime1cmC9.png  used on input line 590.
(pdftex.def)             Requested size: 133.07489pt x 87.8939pt.
<Graphs/PressureTime2cmC9.png, id=314, 390.258pt x 257.763pt>
File: Graphs/PressureTime2cmC9.png Graphic file (type png)
<use Graphs/PressureTime2cmC9.png>
Package pdftex.def Info: Graphs/PressureTime2cmC9.png  used on input line 595.
(pdftex.def)             Requested size: 133.07489pt x 87.8939pt.
<Graphs/PressureTime3cmC9.png, id=315, 390.258pt x 258.7266pt>
File: Graphs/PressureTime3cmC9.png Graphic file (type png)
<use Graphs/PressureTime3cmC9.png>
Package pdftex.def Info: Graphs/PressureTime3cmC9.png  used on input line 600.
(pdftex.def)             Requested size: 133.07489pt x 88.22247pt.
<Graphs/DiameterTimeC7.png, id=316, 468.3096pt x 322.806pt>
File: Graphs/DiameterTimeC7.png Graphic file (type png)
<use Graphs/DiameterTimeC7.png>
Package pdftex.def Info: Graphs/DiameterTimeC7.png  used on input line 614.
(pdftex.def)             Requested size: 133.07489pt x 91.72975pt.
<Graphs/DiameterTimeC8.png, id=317, 468.3096pt x 322.806pt>
File: Graphs/DiameterTimeC8.png Graphic file (type png)
<use Graphs/DiameterTimeC8.png>
Package pdftex.def Info: Graphs/DiameterTimeC8.png  used on input line 619.
(pdftex.def)             Requested size: 133.07489pt x 91.72975pt.
<Graphs/DiameterTimeC9.png, id=318, 468.3096pt x 322.806pt>
File: Graphs/DiameterTimeC9.png Graphic file (type png)
<use Graphs/DiameterTimeC9.png>
Package pdftex.def Info: Graphs/DiameterTimeC9.png  used on input line 624.
(pdftex.def)             Requested size: 133.07489pt x 91.72975pt.
<Graphs/PressureTime1cmC7.png, id=319, 390.258pt x 257.763pt>
File: Graphs/PressureTime1cmC7.png Graphic file (type png)
<use Graphs/PressureTime1cmC7.png>
Package pdftex.def Info: Graphs/PressureTime1cmC7.png  used on input line 630.
(pdftex.def)             Requested size: 133.07489pt x 87.8939pt.
<Graphs/PressureTime1cmC8.png, id=320, 390.258pt x 257.763pt>
File: Graphs/PressureTime1cmC8.png Graphic file (type png)
<use Graphs/PressureTime1cmC8.png>
Package pdftex.def Info: Graphs/PressureTime1cmC8.png  used on input line 635.
(pdftex.def)             Requested size: 133.07489pt x 87.8939pt.
File: Graphs/PressureTime1cmC9.png Graphic file (type png)
<use Graphs/PressureTime1cmC9.png>
Package pdftex.def Info: Graphs/PressureTime1cmC9.png  used on input line 640.
(pdftex.def)             Requested size: 133.07489pt x 87.8939pt.

Overfull \hbox (3.93405pt too wide) in paragraph at lines 653--653
[]\OT1/cmr/bx/n/12 Comparing Model 1- Spe-cific So-lu-tion and Model 2 - Gen-eral Isentropic-
 []

[14 <./Graphs/PressureTime1cmC9.png> <./Graphs/PressureTime2cmC9.png> <./Graphs/PressureTime3cmC9.png> <./Graphs/DiameterTimeC7.png> <./Graphs/DiameterTimeC8.png> <./Graphs/DiameterTimeC9.png> <./Graphs/PressureTime1cmC7.png> <./Graphs/PressureTime1cmC8.png>]
Underfull \hbox (badness 10000) in paragraph at lines 663--666

 []

<basic layers of the atmosphere.jpg, id=338, 240.9pt x 722.7pt>
File: basic layers of the atmosphere.jpg Graphic file (type jpg)
<use basic layers of the atmosphere.jpg>
Package pdftex.def Info: basic layers of the atmosphere.jpg  used on input line 678.
(pdftex.def)             Requested size: 139.72565pt x 419.18834pt.

LaTeX Warning: Citation `noaa_layers' on page 15 undefined on input line 679.


LaTeX Warning: Citation `noaa_layers' on page 15 undefined on input line 679.

<lower layers of the atmosphere.jpg, id=339, 672.5125pt x 835.12pt>
File: lower layers of the atmosphere.jpg Graphic file (type jpg)
<use lower layers of the atmosphere.jpg>
Package pdftex.def Info: lower layers of the atmosphere.jpg  used on input line 685.
(pdftex.def)             Requested size: 243.96951pt x 302.96217pt.

LaTeX Warning: Citation `noaa_layers' on page 15 undefined on input line 686.


LaTeX Warning: Citation `noaa_layers' on page 15 undefined on input line 686.

[15
pdfTeX warning (ext4): destination with the same identifier (name{equation.7.19}) has been already used, duplicate ignored
<argument> ...shipout:D \box_use:N \l_shipout_box 
                                                  \__shipout_drop_firstpage_...
l.690 
      
pdfTeX warning (ext4): destination with the same identifier (name{equation.7.19}) has been already used, duplicate ignored
<argument> ...shipout:D \box_use:N \l_shipout_box 
                                                  \__shipout_drop_firstpage_...
l.690 
      ]

LaTeX Warning: Citation `nasa_iss' on page 16 undefined on input line 691.


LaTeX Warning: Citation `noaa_layers' on page 16 undefined on input line 691.


Underfull \hbox (badness 10000) in paragraph at lines 694--696

 []

[16 <./basic layers of the atmosphere.jpg> <./lower layers of the atmosphere.jpg>]
<Mars_Rescue.jpg, id=352, 1303.87125pt x 979.66pt>
File: Mars_Rescue.jpg Graphic file (type jpg)
<use Mars_Rescue.jpg>
Package pdftex.def Info: Mars_Rescue.jpg  used on input line 701.
(pdftex.def)             Requested size: 133.07489pt x 99.97482pt.


LaTeX Warning: Citation `weir2014martian' on page 17 undefined on input line 702.


LaTeX Warning: Citation `weir2014martian' on page 17 undefined on input line 702.


Underfull \hbox (badness 10000) in paragraph at lines 708--711

 []

[17 <./Mars_Rescue.jpg>] (/usr/local/texlive/2024/texmf-dist/tex/latex/listings/lstlang1.sty
File: lstlang1.sty 2024/02/21 1.10 listings language file
) (/usr/local/texlive/2024/texmf-dist/tex/latex/listings/lstlang1.sty
File: lstlang1.sty 2024/02/21 1.10 listings language file
) (/usr/local/texlive/2024/texmf-dist/tex/latex/listings/lstlang1.sty
File: lstlang1.sty 2024/02/21 1.10 listings language file
) (/usr/local/texlive/2024/texmf-dist/tex/latex/listings/lstlang1.sty
File: lstlang1.sty 2024/02/21 1.10 listings language file
)
Package hyperref Info: bookmark level for unknown lstlisting defaults to 0 on input line 719.
 (./Mathematica_Code.txt
LaTeX Font Info:    Trying to load font information for OMS+cmr on input line 26.
 (/usr/local/texlive/2024/texmf-dist/tex/latex/base/omscmr.fd
File: omscmr.fd 2023/04/13 v2.5m Standard LaTeX font definitions
)
LaTeX Font Info:    Font shape `OMS/cmr/m/n' in size <10> not available
(Font)              Font shape `OMS/cmsy/m/n' tried instead on input line 26.
LaTeX Font Info:    Trying to load font information for OML+cmr on input line 36.
 (/usr/local/texlive/2024/texmf-dist/tex/latex/base/omlcmr.fd
File: omlcmr.fd 2023/04/13 v2.5m Standard LaTeX font definitions
)
LaTeX Font Info:    Font shape `OML/cmr/m/n' in size <10> not available
(Font)              Font shape `OML/cmm/m/it' tried instead on input line 36.
) [18{/usr/local/texlive/2024/texmf-dist/fonts/enc/dvips/cm-super/cm-super-ts1.enc}])
No file main.bbl.
(./main.aux)
 ***********
LaTeX2e <2023-11-01> patch level 1
L3 programming layer <2024-02-20>
 ***********


LaTeX Warning: There were undefined references.

Package rerunfilecheck Info: File `main.out' has not changed.
(rerunfilecheck)             Checksum: 477514DF4749B26EAF68B0C3C5C3AC94;6335.
 ) 
Here is how much of TeX's memory you used:
 32990 strings out of 474116
 618656 string characters out of 5743681
 2288053 words of memory out of 5000000
 54815 multiletter control sequences out of 15000+600000
 565578 words of font info for 62 fonts, out of 8000000 for 9000
 1141 hyphenation exceptions out of 8191
 84i,12n,87p,1612b,8924s stack positions out of 10000i,1000n,20000p,200000b,200000s
</usr/local/texlive/2024/texmf-dist/fonts/type1/public/amsfonts/cm/cmbx10.pfb></usr/local/texlive/2024/texmf-dist/fonts/type1/public/amsfonts/cm/cmbx12.pfb></usr/local/texlive/2024/texmf-dist/fonts/type1/public/amsfonts/cm/cmbx9.pfb></usr/local/texlive/2024/texmf-dist/fonts/type1/public/amsfonts/cm/cmex10.pfb></usr/local/texlive/2024/texmf-dist/fonts/type1/public/amsfonts/cm/cmmi10.pfb></usr/local/texlive/2024/texmf-dist/fonts/type1/public/amsfonts/cm/cmmi5.pfb></usr/local/texlive/2024/texmf-dist/fonts/type1/public/amsfonts/cm/cmmi6.pfb></usr/local/texlive/2024/texmf-dist/fonts/type1/public/amsfonts/cm/cmmi7.pfb></usr/local/texlive/2024/texmf-dist/fonts/type1/public/amsfonts/cm/cmmi9.pfb></usr/local/texlive/2024/texmf-dist/fonts/type1/public/amsfonts/cm/cmr10.pfb></usr/local/texlive/2024/texmf-dist/fonts/type1/public/amsfonts/cm/cmr12.pfb></usr/local/texlive/2024/texmf-dist/fonts/type1/public/amsfonts/cm/cmr17.pfb></usr/local/texlive/2024/texmf-dist/fonts/type1/public/amsfonts/cm/cmr5.pfb></usr/local/texlive/2024/texmf-dist/fonts/type1/public/amsfonts/cm/cmr7.pfb></usr/local/texlive/2024/texmf-dist/fonts/type1/public/amsfonts/cm/cmr9.pfb></usr/local/texlive/2024/texmf-dist/fonts/type1/public/amsfonts/cm/cmsy10.pfb></usr/local/texlive/2024/texmf-dist/fonts/type1/public/amsfonts/cm/cmsy5.pfb></usr/local/texlive/2024/texmf-dist/fonts/type1/public/amsfonts/cm/cmsy7.pfb></usr/local/texlive/2024/texmf-dist/fonts/type1/public/amsfonts/cm/cmti10.pfb></usr/local/texlive/2024/texmf-dist/fonts/type1/public/cm-super/sfrm1000.pfb>
Output written on main.pdf (18 pages, 2736660 bytes).
PDF statistics:
 528 PDF objects out of 1000 (max. 8388607)
 416 compressed objects within 5 object streams
 139 named destinations out of 1000 (max. 500000)
 409 words of extra memory for PDF output out of 10000 (max. 10000000)

